Traceback (most recent call last):
  File "/app/build/bindings/python/OpenSpaceToolkitAstrodynamicsPy-python-package-3.11/.venv/lib/python3.11/site-packages/jupyter_cache/executors/utils.py", line 58, in single_nb_execution
    executenb(
  File "/app/build/bindings/python/OpenSpaceToolkitAstrodynamicsPy-python-package-3.11/.venv/lib/python3.11/site-packages/nbclient/client.py", line 1323, in execute
    return NotebookClient(nb=nb, resources=resources, km=km, **kwargs).execute()
           ^^^^^^^^^^^^^^^^^^^^^^^^^^^^^^^^^^^^^^^^^^^^^^^^^^^^^^^^^^^^^^^^^^^^^
  File "/app/build/bindings/python/OpenSpaceToolkitAstrodynamicsPy-python-package-3.11/.venv/lib/python3.11/site-packages/jupyter_core/utils/__init__.py", line 165, in wrapped
    return loop.run_until_complete(inner)
           ^^^^^^^^^^^^^^^^^^^^^^^^^^^^^^
  File "/opt/uv-python/cpython-3.11.15-linux-x86_64-gnu/lib/python3.11/asyncio/base_events.py", line 654, in run_until_complete
    return future.result()
           ^^^^^^^^^^^^^^^
  File "/app/build/bindings/python/OpenSpaceToolkitAstrodynamicsPy-python-package-3.11/.venv/lib/python3.11/site-packages/nbclient/client.py", line 709, in async_execute
    await self.async_execute_cell(
  File "/app/build/bindings/python/OpenSpaceToolkitAstrodynamicsPy-python-package-3.11/.venv/lib/python3.11/site-packages/nbclient/client.py", line 1062, in async_execute_cell
    await self._check_raise_for_error(cell, cell_index, exec_reply)
  File "/app/build/bindings/python/OpenSpaceToolkitAstrodynamicsPy-python-package-3.11/.venv/lib/python3.11/site-packages/nbclient/client.py", line 918, in _check_raise_for_error
    raise CellExecutionError.from_cell_and_msg(cell, exec_reply_content)
nbclient.exceptions.CellExecutionError: An error occurred while executing the following cell:
------------------
line_scan_trajectory = Trajectory(
    TargetScan(
        start_lla=start_lla,
        end_lla=end_lla,
        start_instant=access.get_start(),
        end_instant=access.get_end(),
        step_size=time_step,
        celestial=earth,
    )
)
------------------


[31m---------------------------------------------------------------------------[39m
[31mAttributeError[39m                            Traceback (most recent call last)
[36mCell[39m[36m [39m[32mIn[10][39m[32m, line 5[39m
[32m      1[39m line_scan_trajectory = Trajectory(
[32m      2[39m     TargetScan(
[32m      3[39m         start_lla=start_lla,
[32m      4[39m         end_lla=end_lla,
[32m----> [39m[32m5[39m         start_instant=access.get_start(),
[32m      6[39m         end_instant=access.get_end(),
[32m      7[39m         step_size=time_step,
[32m      8[39m         celestial=earth,

[31mAttributeError[39m: 'ostk.astrodynamics.Access' object has no attribute 'get_start'

